87009205000352495000135265717569657363616e7420696e20706163653d00dfbd0404003a4d6201b2b401000004fffa419058180400000001ab01015d9f4e785d3f57d900e206000456616c68000856616c68616c6c61e40100eba7191200fefdfa01b2950200fffc00094198d0100c00000001ab01015d9f4e785d8b8d0eab38ab160003475459000747726176697479890100ecedbd09000f1a2301b2dc0400ffc9ffc04189d37a0000000001ab01015d9e7b885d96929f9c31931800044e455854000b416e74692d53637265656e75007b92f92200ffffff01b2870400fffbffca419e10046400000001ab01015d9f94c85d9ba39e9824931800044e455854000b416e74692d53637265656e75007b92f92200ffffff01b2b30100000c00074195005c4000000001ab01015d9f78a85d79271cff158e1800034e55530005415057414c2c00ffffff22008e0a0a01b2ea0300000d0016419500640400000001ab01045da021685d735126923de206000456616c68000856616c68616c6c61e40100eba7191200fefdfa01b2f60600ffdf002741a48c041400000001ab01015d9ea5b85d3f140500d70400055465727261000f5365676d656e74756d20536f6c6172d50100e021120c0017040501b2db0400ffb2ffb94189d4ea3800000001ab01045d9f16385d5b1c3f2fd3160003514254000e4c6520517561727465726261636b2100
error 0100fcf7ef0f0001040501b2e80100fffafffd410068180000000001ab01015d9f08285d99c5efa607931800044e455854000b416e74692d53637265656e75007b92f92200ffffff01b2ba0600fffcfffc419ed0080000000001ab01015d9f01205d9db063d20d931800044e455854000b416e74692d53637265656e75007b92f92200ffffff01b23e00ffe3fff74197e0200000000001ab01045d9ef3105d50405ffa01d3160003514254000e4c6520517561727465726261636b21008b92bc0800ffffff01b21700fff90020419428082000000001ab01015d9f8dc05d8909d4008e1800034e55530005415057414c2c00ffffff22008e0a0a01b27600001fffdd40cf91800000000001ab01015d9f86b85d98f131810f931800044e455854000b416e74692d53637265656e75007b92f92200ffffff01b2bc0200fffb001941a7d8000000000001ab01015d9f1d405d848874c94fe71700044b4f5250000f446965204b6f72706f726174696f6ef80100f1cc5c08002b213801b2e70100ffeffffd419200180000000001ab01015d9e66705d82b91306e71700044b4f5250000f446965204b6f72706f726174696f6ef80100f1cc5c08002b213801b23d00fff2002641a540080000000001ab01015d9ebad05c117098b254e206000456616c68000856616c68616c6c61e40100eba7191200fefdfa01b2c90300ffcafffb410368280000000001ab01045d9f9bd05d7556dcde028602000354654100144465626175636865727920546561205061727479db0100fcf7ef0f0001040501b2e5030000050002419500245400000001ab01015d9f39605d8238eea40de71700044b4f5250000f446965204b6f72706f726174696f6ef80100f1cc5c08002b213801b2f10600000cffb341a4f0080000000001ab01015d9e66705d967f93cd4b931800044e455854000b416e74692d53637265656e75007b92f92200ffffff01b275000015ffe640c58d000000000001ab01015d9f78a85d966830880f931800044e455854000b416e74692d53637265656e75007b92f92200ffffff01b2bb0200fffc0018419420100000000001ab01015d9f16385d8494e0cb4fe71700044b4f5250000f446965204b6f72706f726174696f6ef80100f1cc5c08002b213801b2810400ffdeffc7416b00008000000001ab01015d9f63905d98d2f39002931800044e455854000b416e74692d53637265656e75007b92f92200ffffff01b2e60100fff6000d418ec0383000000001ab01015d9e51585d2113aff69b04e206000456616c68000856616c68616c6c61e40100eba7191200fefdfa01b27400001bffd040cb98000000000001ab01015d9e90a05d965a3207931800044e455854000b416e74692d53637265656e75007b92f92200ffffff01b2ba0200fffe001941a7b8000000000001ab01015d9f63905d7e036e915ae71700044b4f5250000f446965204b6f72706f726174696f6ef80100f1cc5c08002b213801b2970200ffe4ffbf41a308140000000001ab01015d9f63905d792d4ae608801700044554434700134c27457465726e656c20436f6d7061676e696536000000000a00f8cc7101b23b00ffefffc241a2f0100000000001ab01015d9f78a85d3def0d883bd20700044d79746800134c65204d79746865206465204c6f726163616d2800f5ca0a18006e290701b2c70300ffcb0014418e80300000000001ab01015d9e51585d990c22f11b931800044e455854000b416e74692d53637265656e75007b92f92200ffffff01b2ef06000009ffb841a4d00c0000000001ab01015d9eec085d99acf7f91c931800044e455854000b416e74692d53637265656e75007b92f92200ffffff01b273000013ffe040c390000000000001ab01015d9f7fb05d967642ba0c931800044e455854000b416e74692d53637265656e75007b92f92200ffffff01b2ff0300ffe500264101b1300000000001ab01015d9f94c85d9ba2f18601931800044e455854000b416e74692d53637265656e75007b
error 92f92200ffffff01b2980200ffed002241a488340a00000001ab01015d9e97a85d22b15900f5120003416754000b546865206b696e67646f6de80100fcf843020000000001b2b60600fff9fffc419ef0300800000001ab01015d9f08285d9db7b9cf0d931800044e455854000b416e74692d53637265656e75007b92f92200ffffff01b28f01000010ffe641a690060200000001ab01015d9ea5b85d7851230084170003544843000f4465726e69657265204368616e63659c0100000000080000000001b2c60300ffcd0009410330480000000001ab01015d9f78a85d681290d1058602000354654100144465626175636865727920546561205061727479db0100fcf7ef0f0001040501b28c0500ffccffd34189d3496800000001ab01015d9f2b505d98985baf2b931800044e455854000b416e74692d53637265656e75007b92f92200ffffff01b2d206000026ffec41a370080000000001ab01015d9ecfe85d7895ad00801700044554434700134c27457465726e656c20436f6d7061676e696536000000000a00f8cc7101b2ab0100001bffda40cb93000000000001ab01015d9efa185d6ce65607801700044554434700134c27457465726e656c20436f6d7061676e696536000000000a00f8cc7101b2e20300000200044195000c4c00000001ab01015d9ea5b85d6b402bf80c84170003544843000f4465726e69657265204368616e63659c0100000000080000000001b2ee06000007ffba41a4d8000000000001ab01045d9eec085d99a6d6dc4080180003544c48000f546865204c6173742048656176656eb801001962631800e0f5da01b2b506000000fffd419ec0001000000001ab01015d9f0f305d9dc277af09931800044e455854000b416e74692d53637265656e75007b92f92200ffffff01b23900ffec001541a4a0280a00000001ab01015d9e51585d893bc5e826e71700044b4f5250000f446965204b6f72706f726174696f6ef80100f1cc5c08002b213801b2c50300ffc80000410380000000000001ab01045da059a85d84fefe02e71700044b4f5250000f446965204b6f72706f726174696f6ef80100f1cc5c08002b213801b28b0500ffc9ffd74189d3794800000001ab01015d9e51585d966d5dd926931800044e455854000b416e74692d53637265656e75007b92f92200ffffff01b2aa01000001001a419500000c00000001ab01015d9f4e785d879a52a42aab160003475459000747726176697479890100ecedbd09000f1a2301b2e10300000b0009419500543800000001ab01015d9ed6f05d983fc7ec05d20700044d79746800134c65204d79746865206465204c6f726163616d2800f5ca0a18006e29070df112000b00010203040506090c0d0e000308070e69290200005ea90200002f0505dc0300bb2557f901015ef9010163bd010165c501016a9d01006041010162b00c3104015900000c311b00c10100050004323031390002313000023039000232300002323168f50f0001a60fc41400010181b16f0100005d419c03414288e9000000000f000e0000000f0000000f0000000f0000000f0000000f0000000f0000000f0000000f0000000f0000000f0000000f0000000f0000000f0000000f0001000000050003494f4f003c12e7ecd1629e894dbff000000000000064e012c413904ed836d836bb1fe02b000004baffffd8f0904ec413904effffffff00000000406e000000000000ffffffff140000027dac02b001505d3d01012f0505dc0300bb2507d2018dccd7d9f201b8c8e4ef0190959cf70100fc8a1401009301000000424e097380b200000000f40300d50dd50d904e904e0804c20200c70100007600df0100000700010000030001000000001500000500ba070000f301647800000000bd01000000004c0000000024000000000100000100020000000000000000000500000a0000000000000009000000001f00000000000000000013000000001200000000170000000000000000000000000a0000000007000000000700
error 000000180a0c0000180a0c000000000a0000000000000000000500000000040000000005000000000500000000040000180a0c0000180a0c00000000060000000011000000000a0000000000000000000a000000000b000000000000000000000000000000000000000300000000000000000000000000000000000000000000000000000000000000000000000000000000000000000000000000000000000000000000000000000000000000000000000000000000000000000000000000000000000000000000000000000000000000000000000061e5010060f606fd00b602020ad0819c97c10702028003d0819c97c1070202f302d0819c97c107020226d0819c97c1070202a602d0819c97c1070202e602d0819c97c1070202a603d0819c97c1070202d902d0819c97c10702029903d0819c97c10702028c02d0819c97c10702028c03d0819c97c1070202ff01d0819c97c1070202ff02d0819c97c1070202f201d0819c97c1070202f202d0819c97c1070202aa02d0819c97c1070202a502d081f4c3960f0202e503d0819c97c1070202d302d0819c97c1070202d802d0819c97c1070202f209d0819c97c1070202d804d0819c97c10702028b02d0819c97c10702028b03d0819c97c10702029103d0819c97c1070202a003d0819c97c1070202fe02d0819c97c107020271d0819c97c1070202be04d081f4c3960f0202f101d0819c97c1070202b102d0819c97c1070202f102d0819c97c1070202a402d0819c97c1070202a403d0819c97c1070202a403d081f4c3960f0202b109d0819c97c10702024ad081f4c3960f02028a01d0819c97c10702028a03d0819c97c10702023dd0819c97c10702027dd0819c97c1070202fd01d0819c97c1070202bd02d0819c97c1070202ab09d0819c97c1070202f002d0819c97c107020223d0819c97c1070202b905d0819c97c1070202a302d081f4c3960f0202be05d0819c97c107020216d0819c97c1070202fd09d0819c97c1070202fd0ad0819c97c10702029602d0819c97c10702029603d0819c97c10702029608d0819c97c1070202bc02d0819c97c1070202fc02d0819c97c1070202c906d0819c97c1070202ef01d0819c97c1070202ef02d0819c97c1070202ef03d0819c97c1070202a201d0819c97c1070202a202d0819c97c1070202fc09d0819c97c1070202fc0ad0819c97c10702029502d0819c97c1070202d502d0819c97c107020208d0819c97c107020248d0819c97c10702023bd0819c97c107020205d0819c97c1070202fb01d081f4c3960f0202bb04d081f4c3960f02028f03d0819c97c107020221d081f4c3960f0202a102d0819c97c1070202a103d0819c97c1070202fb0ad0819c97c10702029402d0819c97c1070202d402d0819c97c10702029403d0819c97c1070202ee09d0819c97c10702028703d0819c97c1070202ac09d0819c97c1070202a10ad0819c97c1070202fa01d0819c97c1070202a00ad0819c97c10702022dd0819c97c1070202940bd0819c97c1070202ed02d0819c97c1070202a001d0819c97c1070202ad06d0819c97c1070202fa0ad0819c97c1070202e005d0819c97c107020206d0819c97c10702028602d0819c97c107020279d0819c97c10702028603d0819c97c107020207d0819c97c1070202b902d0819c97c1070202b904d0819c97c1070202ec01d0819c97c1070202ac02d0819c97c1070202ec02d0819c97c1070202860bd0819c97c10702029f02d0819c97c107020252d081f4c3960f02029203d0819c97c1070202c501d0819c97c10702028502d0819c97c107020278d0819c97c10702028e03d0819c97c1070202f801d0819c97c1070202b802d0819c97c1070202ab02d0819c97c10702029e02d0819c97c10702029e03d0819c97c107020251d081f4c3960f020204d0819c97c107020244d0819c97c1070202ed01d0819c97c10702028402d0819c97c10702028403d0819c97c107020209d0819c97c1070202f701d0819c97c10702022ad0819c97c107
src 99.80.38.35
dst 192.168.1.14
src port 5555


src 192.168.1.14
dst 99.80.38.35
src port 53051


src 192.168.1.14
dst 99.80.38.35
src port 53051


src 192.168.1.14
dst 99.80.38.35
src port 53051


src 99.80.38.35
dst 192.168.1.14
src port 5555


src 192.168.1.14
dst 99.80.38.35
src port 53051


src 99.80.38.35
dst 192.168.1.14
src port 5555


src 192.168.1.14
dst 99.80.38.35
src port 53051


src 99.80.38.35
dst 192.168.1.14
src port 5555


src 192.168.1.14
dst 99.80.38.35
src port 53051


src 192.168.1.14
dst 99.80.38.35
src port 53051


src 99.80.38.35
dst 192.168.1.14
src port 5555


src 192.168.1.14
dst 99.80.38.35
src port 53051


src 192.168.1.14
dst 99.80.38.35
src port 53051


src 99.80.38.35
dst 192.168.1.14
src port 5555


src 192.168.1.14
dst 99.80.38.35
src port 53051


src 99.80.38.35
dst 192.168.1.14
src port 5555


src 192.168.1.14
dst 99.80.38.35
src port 53051


src 192.168.1.14
dst 99.80.38.35
src port 53051


src 99.80.38.35
dst 192.168.1.14
src port 5555


src 192.168.1.14
dst 99.80.38.35
src port 53051


src 192.168.1.14
dst 99.80.38.35
src port 53051


src 99.80.38.35
dst 192.168.1.14
src port 5555


src 192.168.1.14
dst 99.80.38.35
src port 53051


src 99.80.38.35
dst 192.168.1.14
src port 5555


src 99.80.38.35
dst 192.168.1.14
src port 5555


src 99.80.38.35
dst 192.168.1.14
src port 5555


src 99.80.38.35
dst 192.168.1.14
src port 5555


src 99.80.38.35
dst 192.168.1.14
src port 5555


src 99.80.38.35
dst 192.168.1.14
src port 5555


src 99.80.38.35
dst 192.168.1.14
src port 5555


error 0202b705d0819c97c1070202ea02d0819c97c10702029d02d0819c97c107020203d0819c97c1070202dd06d0819c97c10702028302d0819c97c10702028504d0819c97c107020276d0819c97c1070202b601d0819c97c1070202f601d0819c97c1070202dd0bd0819c97c10702028306d081f4c3960f0202a901d0819c97c1070202a902d0819c97c1070202e902d0819c97c10702029c01d0819c97c10702029c02d0819c97c10702020fd0819c97c10702024fd081f4c3960f0202f60ad0819c97c10702029c05d0819c97c1070202a909d0819c97c10702029c08d0819c97c10702028203d0819c97c1070202cf06d0819c97c107020275d0819c97c1070202f501d0819c97c1070202b502d0819c97c107020228d081f4c3960f0202a802d0819c97c1070202e802d0819c97c1070202a803d0819c97c1070202e803d081f4c3960f02029b02d0819c97c10702020ed0819c97c1070202f509d0819c97c1070202a809d0819c97c107020241d0819c97c1070202a303d081f4c3960f02028102d0819c97c1070202ce05d0819c97c10702028103d0819c97c10702029003d0819c97c1070202f401d0819c97c1070202b402d0819c97c107020227d0819c97c10702028e0ad0819c97c1070202a702d0819c97c1070202e702d0819c97c1070202a703d081f4c3960f0202e703d081f4c3960f0202810bd0819c97c10702029a02d0819c97c1070202f409d0819c97c10702028d02d0819c97c10702028d03d0819c97c1076921140000000000000000000000000100000000000005630d02ff1f6315040000001866e50600000000000062c50400000000620d02000062ad020000651c69c50d000a31363839383039323636011455020000
src 99.80.38.35
dst 192.168.1.14
src port 5555


src 99.80.38.35
dst 192.168.1.14
src port 5555


data 3e8400000058
{ __type__: 'FriendsGetListMessage' }
src 99.80.38.35
dst 192.168.1.14
src port 5555


src 192.168.1.14
dst 99.80.38.35
src port 53051


src 192.168.1.14
dst 99.80.38.35
src port 53051


src 192.168.1.14
dst 99.80.38.35
src port 53051


src 192.168.1.14
dst 99.80.38.35
src port 53051


src 192.168.1.14
dst 99.80.38.35
src port 53051


error 3e89210001004e0365004a000963796d306e30383739009712ffffffffffff030000000002c0
data 6a8c0000005958b00000005a634c0000005b
{ __type__: 'AcquaintancesGetListMessage' }
error 6a91160001023107331550000b43726f757374797061696e6302c0
data 58a902000002c002c0
{ __type__: 'IgnoredListMessage', ignoredList: [] }
error 579d0000005d470015736439386b7a693535615268396e35305239233031ca4f8a567460ee0cbbd24a975995ecb8844b9275b23baa4b640ffadbd1b6f5a1a2af3c16572aa6c432a04450ebcc3537
data 02c0
{ __type__: 'BasicNoOperationMessage' }
data 03240321010158d10105
{ __type__: 'GameContextDestroyMessage' }
data 03e80000005e
{ __type__: 'GameContextCreateRequestMessage' }
data 03712a41a69c04160000000020363439616534353163613333656335336262636263633333626563663135663402bd0a4276db24abbc2000007807d2018dccd7d9f201b8c8e4ef0190959cf70100fc8a1401009301000000424e097380b200000000f40300d50dd50d904e904e0804c20200c70100007600df0100000700010000030001000000001500000500ba070000f301647800000000bd01000000004c0000000024000000000100000100020000000000000000000500000a0000000000000009000000001f00000000000000000013000000001200000000170000000000000000000000000a0000000007000000000700000000180a0c0000180a0c000000000a0000000000000000000500000000040000000005000000000500000000040000180a0c0000180a0c00000000060000000011000000000a0000000000000000000a000000000b000000000000000000000000000000000000000300000000000000000000000000000000000000000000000000000000000000000000000000000000000000000000000000000000000000000000000000000000000000000000000000000000000000000000000000000000000000000000000000000000000000000000000002c0
{
  __type__: 'CurrentMapMessage',
  mapId: 189661707,
  mapKey: '649ae451ca33ec53bbcbcc33becf15f4'
}
data 02c0
{ __type__: 'BasicNoOperationMessage' }
data 62b50000006e020001
{ __type__: 'SequenceNumberMessage', number: 1 }
error 57ea011a0013ee01ec04ef04820db105b005e404ed04e603ae05dd0ce701eb04ee04d20cac05af05de0ce801001301010101010101010101010101010101010101000a017e8c0dfe11000101818550010000017ea905830a00010181e721010000017e830df51100010181b44f010000017ea305e30900010181b320010000017ea105da09000401818c2000000001818d2000000001818e2000000001818f20010000017eba07a40c000101818a2d010000017ed30cbf1100050182cd4a00000003030182ce4a00000003030182cf4a00000003030182d04a00000003030181d14a010000017ee903930800010181ad1b010000017ea60fc41400010181b16f010000017ee601a50300010181ac070100000005df07d607cf07de07c50502c0
data 57dc00000071
{ __type__: 'QuestListRequestMessage' }
data 0ded020e0002c0
{
  __type__: 'ChannelEnablingChangeMessage',
  channel: 14,
  enable: false
}
data 0de900000072020e000de900000073020a0164a50000007401026acc00000075
{ __type__: 'ChannelEnablingMessage', channel: 14, enable: false }
data 02c064a232ac00cc01b21b00000c00034195005c5000000001ab01045d9f86b85d755940905680180003544c48000f546865204c6173742048656176656eb801001962631800e0f5da01b22f00ffe5ffc8415c00814000000001ab01015d9ea5b85d7eea8b940584170003544843000f4465726e69657265204368616e63659c0100000000080000000001b2fd0300ffe2002341688000c000000001ab01015d9ea5b85d7dac43b50684170003544843000f4465726e69657265204368616e63659c0100000000080000000001b6ee040001b2b40600fffafffe419ed8080800000001ab01015d9f08285d9dbd9d8006931800044e455854000b416e74692d53637265656e75007b92f92200ffffff01b23800fff9ffd541a2a0040200000001ab01015d9f6a985d73e2ad9768e206000456616c68000856616c68616c6c61e40100eba7191200fefdfa01b2a90100fff3fff941a1a0041000000001ab01015d9ef3105c27eee5f09d01e206000456616c68000856616c68616c6c61e40100eba7191200fefdfa01b2e00300ffff0008419508143c00000001ab01015d9f78a85bf766dae86be206000456616c68000856616c68616c6c61e40100eba7191200fefdfa01b20100000cfffd419050281000000001ab01015d9f94c85d7567e4b017e206000456616c68000856616c68616c6c61e40100eba7191200fefdfa01b2fc0300ffec0024410141200000000001ab01015d9ea5b85d16de9a00ec16000358494900104f7267616e69736174696f6e20584949b401002edff3080000000001b23700fff1ffc241a2e0000000000001ab01015d9f0f305d99c9839712931800044e455854000b416e74692d53637265656e75007b92f92200ffffff01b2fd0100fff2000c4100e0600000000001ab01015d9efa185d45a83d89078602000354654100144465626175636865727920546561205061727479db0100fcf7ef0f0001040501b2a80100fff2fff341a1a0000400000001ab01015d9f2b505d82129200e71700044b4f5250000f446965204b6f72706f726174696f6ef80100f1cc5c08002b213801b2df030000090001419050102000000001ab01015d9ea5b85d6945c9c31e84170003544843000f4465726e69657265204368616e63659c0100000000080000000001b20200fffdfffe419508246400000001ab01015d9f0f305d836136c7038602000354654100144465626175636865727920546561205061727479db0100fcf7ef0f0001040501b2fb0300ffe90024416a8040c000000001ab01015d9f6a985d75231000810100055245434b5400144c6573204661726d65757273204368696e6f69737e008556ed080000000001b2970400ffe100254101f1280000000001ab01015d9ea5b85d6e5d289c1484170003544843000f4465726e69657265204368616e63659c0100000000080000000001b23600fff5ffdc41a3b0160200000001ab01015d9efa185d854c1c03e71700044b4f5250000f446965204b6f72706f726174696f6ef80100f1cc5c08002b213801b2a701000021000341a2d8300000000001ab01015d9f16385d5983f887078602000354654100144465626175636865727920546561205061727479db0100fcf7ef0f0001040501b21f00fffc000d410040680000000001ab01015d9f55805d4069db9f59d20700044d79746800134c65204d79746865206465204c6f726163616d2800f5ca0a18006e290701b2ea0600000fffc841a4a8080800000001ab01015d9e90a05d0553f0008602000354654100144465626175636865727920546561205061727479db0100fcf7ef0f0001040501b20300000600074195002c4000000001ab01015d9f8dc05d871ab6218602000354654100144465626175636865727920546561205061727479db0100fcf7ef0f0001040501b2950600ffc3ffb1419ad0044000000001ab01045d9ef3105d52da7be209d3160003514254000e4c6520517561727465726261636b21008b92bc0800ffffff01b2fa0300
{ __type__: 'BasicNoOperationMessage' }
error a401000018fff34197c0040c00000001ab01015d9f7fb05d5a4fe8d7488602000354654100144465626175636865727920546561205061727479db0100fcf7ef0f0001040501b20600000a000f4193a0140400000001ab01015d9f40685d6bd8c6c735e206000456616c68000856616c68616c6c61e40100eba7191200fefdfa01b2920600ffcbffac4199f0347800000001ab01015d9f4e785d98bddddf29931800044e455854000b416e74692d53637265656e75007b92f92200ffffff01b26b00001affd340ca96800000000001ab01045d9fa9e05d952092fb6fe206000456616c68000856616c68616c6c61e40100eba7191200fefdfa01b2f70300ffe3002041678000e000000001ab01015d9ea5b85d78df55e20884170003544843000f4465726e69657265204368616e63659c0100000000080000000001b2930400ffe90027410171380000000001ab01015d9f2b505d6bc3b0ed05801700044554434700134c27457465726e656c20436f6d7061676e696536000000000a00f8cc7101b23200ffe3ffc7415e00018000000001ab01045d9ea5b85d6c7af79c0184170003544843000f4465726e69657265204368616e63659c0100000000080000000001b2a301000015fff54197c81c0400000001ab01015d9f5c885c5a2994c879e206000456616c68000856616c68616c6c61e40100eba7191200fefdfa01b2940200fffc00024198d0141000000001ab01015d9f55805d767a328d25e206000456616c68000856616c68616c6c61e40100eba7191200fefdfa01b20700000a000f4193d0380000000001ab01015d9f08285d013dbad4028602000354654100144465626175636865727920546561205061727479db0100fcf7ef0f0001040501b2910600ffc3ffb64199f04c1800000001ab01015d9f55805d98c4e2e729931800044e455854000b416e74692d53637265656e75007b92f92200ffffff01b26a000013ffea40c38b000000000001ab01015d9f2b505d958700f7268602000354654100144465626175636865727920546561205061727479db0100fcf7ef0f0001040501b2f60300ffea002741690000a000000001ab01015d9f16385d97330baf01810100055245434b5400144c6573204661726d65757273204368696e6f69737e008556ed080000000001b2e70400ffc1ffc94189d3f9b800000001ab01045d9eec085d52ae11af06d3160003514254000e4c6520517561727465726261636b21008b92bc0800ffffff01b2ad06000006000d419d00201800000001ab01015d9f16385d5967cfc811d3160003514254000e4c6520517561727465726261636b21008b92bc0800ffffff01b2920400ffe3ffcb414601088000000001ab01015d9ea5b85d87f3320084170003544843000f4465726e69657265204368616e63659c0100000000080000000001b23100ffe6ffc34101a9e80000000001ab01045d9ff7385d39235100bf150003565545000d4c276f6d6e69736369656e6365ec0100ffffff0f0000000001b2a20100001cfff4419be0001000000001ab01015d9f86b85d67e16b3a8602000354654100144465626175636865727920546561205061727479db0100fcf7ef0f0001040501b2930200ffee000f418e30301000000001ab01015d9f7fb05d865e2baa61e71700044b4f5250000f446965204b6f72706f726174696f6ef80100f1cc5c08002b213801b20800fffa00074198d0000400000001ab01015d9ec8e05d40292df53bd20700044d79746800134c65204d79746865206465204c6f726163616d2800f5ca0a18006e290701b269000018ffd440c896000000000001ab01015d9f01205d84758c4f8602000354654100144465626175636865727920546561205061727479db0100fcf7ef0f0001040501b2810700ffd0ffae41a638040000000001ab01015d9f86b85d9b92f0bf16931800044e455854000b416e74692d53637265656e75007b92f92200ffffff01b29104000019ffde40c991000000000001ab01015d9ea5
error ffe400274101c1380000000001ab01015d9e74805d3c654100f5120003416754000b546865206b696e67646f6de80100fcf843020000000001b2860700ffc2ffba41a738300400000001ab01015d9f5c885d98cbee882c931800044e455854000b416e74692d53637265656e75007b92f92200ffffff01b2b10600001dfff4419d90080c00000001ab01015d9eddf85d468c59e8be02e206000456616c68000856616c68616c6c61e40100eba7191200fefdfa01b2960400ffed0027410131380000000001ab01015d9f0f305d8b4e80ff078e1800034e55530005415057414c2c00ffffff22008e0a0a01b2a60100001d000941a2a8000600000001ab01075da013585d998028bc0a931800044e455854000b416e74692d53637265656e75007b92f92200ffffff01b22000001700184195a0680400000001ab01015d9ea5b85d82a2af9f0184170003544843000f4465726e69657265204368616e63659c0100000000080000000001b2e90600000effc341a4b0040800000001ab01015d9ee5005d9af36b08e71700044b4f5250000f446965204b6f72706f726174696f6ef80100f1cc5c08002b213801b204000005000d419500242800000001ab01015d9ea5b85d98e2260084170003544843000f4465726e69657265204368616e63659c0100000000080000000001b2940600ffbaffaf4199f8641800000001ab01015d9f40685d98afc9d729931800044e455854000b416e74692d53637265656e75007b92f92200ffffff01b26d000020ffda40d049800000000001ab01015d9f32585d82193b05e71700044b4f5250000f446965204b6f72706f726174696f6ef80100f1cc5c08002b213801b2f90300ffe6001f4101a0f80000000001ab01015d9e9eb05d25599500f5120003416754000b546865206b696e67646f6de80100fcf843020000000001b2b00600ffe3fff6419d70080400000001ab01015d9f71a05b6b59d22d8602000354654100144465626175636865727920546561205061727479db0100fcf7ef0f0001040501b2950400ffdbffc7410259c80000000001ab01015d9f71a05d6ffd6e00801700044554434700134c27457465726e656c20436f6d7061676e696536000000000a00f8cc7101b2a50100001d000641a2a8000000000001ab01045d9f94c85d7decb79e3ae71700044b4f5250000f446965204b6f72706f726174696f6ef80100f1cc5c08002b213801b22100fff9fff441a1a01c0600000001ab01015d9eb3c85d8ee2c3f513e206000456616c68000856616c68616c6c61e40100eba7191200fefdfa01b2dc0300001dffd140cd97800000000001ab01015d9e58605d8007c500e71700044b4f5250000f446965204b6f72706f726174696f6ef80100f1cc5c08002b213801b2e806000013ffc341a4a81a0200000001ab01015d9eec085d85e44bf03de71700044b4f5250000f446965204b6f72706f726174696f6ef80100f1cc5c08002b213801b20500000000084195080c3c00000001ab01015d9e74805d65c5accb29e206000456616c68000856616c68616c6c61e40100eba7191200fefdfa01b2930600ffc1ffaa4199f84c5400000001ab01015d9f4e785d98b788e029931800044e455854000b416e74692d53637265656e75007b92f92200ffffff01b26c000012ffdc40c292000000000001ab01015d9f6a985d7e79b2af39e71700044b4f5250000f446965204b6f72706f726174696f6ef80100f1cc5c08002b213801b2ce0200ffdcfff641a3f4141400000001ab01045da098f05d7274b2ed54e206000456616c68000856616c68616c6c61e40100eba7191200fefdfa01b2940400ffdcffcc4146020a8000000001ab01015d9ea5b85d76e4990084170003544843000f4465726e69657265204368616e63659c0100000000080000000001b23300ffdfffc5410219d80000000001ab01015d9f32585d6bc801ee05801700044554434700134c27457465726e656c20436f6d7061676e696536000000000a00f8cc7101b2
error b85d8c2ac5d50784170003544843000f4465726e69657265204368616e63659c0100000000080000000001b23000ffe3ffc3415a00814000000001ab01015d9ea5b85d79fbca990584170003544843000f4465726e69657265204368616e63659c0100000000080000000001b2a101000018fff64197c0000000000001ab01015d9e51585d8e72308d018602000354654100144465626175636865727920546561205061727479db0100fcf7ef0f0001040501b24c00ffedffe9416bc120a000000001ab01045d9f78a85d9a399e00931800044e455854000b416e74692d53637265656e75007b92f92200ffffff01b2d80300ffca0010417880e00000000001ab01045d9f24485d8e00cff709d3160003514254000e4c6520517561727465726261636b21008b92bc0800ffffff01b2e406000019002041a418001800000001ab01015d9f40685d4f1f52f20fd3160003514254000e4c6520517561727465726261636b21008b92bc0800ffffff01b20900fffc000e418950407000000001ab01015d9ee5005bd57242b82ee206000456616c68000856616c68616c6c61e40100eba7191200fefdfa01b2800700ffe1001041a5d4040800000001ab01015d9e5f685d9678a8cc4b931800044e455854000b416e74692d53637265656e75007b92f92200ffffff01b24b00ffe4001f417b20905000000001ab01015d9ed6f05bba82a99bce03e206000456616c68000856616c68616c6c61e40100eba7191200fefdfa01b2d70300ffc4fff84103c8400000000001ab01015d9ef3105d99b3f5ed13931800044e455854000b416e74692d53637265656e75007b92f92200ffffff01b2e30600001a001d41a418080c00000001ab01015d9f8dc05d98f836852b931800044e455854000b416e74692d53637265656e75007b92f92200ffffff01b20a00000400034195001c5000000001ab01015d9f71a05d6ddba801e71700044b4f5250000f446965204b6f72706f726174696f6ef80100f1cc5c08002b213801b26700000d0010419500641c00000001ab01015d9f01205d84a33706e71700044b4f5250000f446965204b6f72706f726174696f6ef80100f1cc5c08002b213801b2c606000001fffc41a13c100000000001ab01015d9eec085d57bc04ec0fd3160003514254000e4c6520517561727465726261636b21008b92bc0800ffffff01b2f10500ffc1ffb5418da0303000000001ab01015d9f32585d98a1b9b02b931800044e455854000b416e74692d53637265656e75007b92f92200ffffff01b2e20600001b001a41a418100000000001ab01015d9f24485d9b3020bd19931800044e455854000b416e74692d53637265656e75007b92f92200ffffff01b20b00ffff0021419150480c00000001ab01015d9f24485d836e41c94fe71700044b4f5250000f446965204b6f72706f726174696f6ef80100f1cc5c08002b213801b2e30400ffc1ffb54189d3fa5800000001ab01015d9f40685d98a8feb62b931800044e455854000b416e74692d53637265656e75007b92f92200ffffff01b2a90600fffeffcb419e101c6000000001ab01045d9e4a505d9904599d20931800044e455854000b416e74692d53637265656e75007b92f92200ffffff01b28e0400ffe3000641a588100000000001ab01015d9f7fb05d7e75b4d6058e1800034e55530005415057414c2c00ffffff22008e0a0a01b2c506000005000141a140100000000001ab01015d9f94c85d570b3ad70cd3160003514254000e4c6520517561727465726261636b21008b92bc0800ffffff01b24900ffddffc64177e0303000000001ab01015d9f63905d752f15a7058602000354654100144465626175636865727920546561205061727479db0100fcf7ef0f0001040501b2d50300ffca000f417ac0200000000001ab01015d9f55805d9671f8a32d931800044e455854000b416e74692d53637265656e75007b92f92200ffffff01b2e106000014002041a420081800000001ab01015d9f39605d51d812be
error 0fd3160003514254000e4c6520517561727465726261636b21008b92bc0800ffffff01b20c00000b001d419500501800000001ab01045d9f0f305d84b80a03e71700044b4f5250000f446965204b6f72706f726174696f6ef80100f1cc5c08002b213801b2e20400ffb9ffad4189d47a9800000001ab01015d9f55805d98c4ea9e23931800044e455854000b416e74692d53637265656e75007b92f92200ffffff01b2a80600ffef0008419990200000000001ab01015d9efa185d39dead880ad3160003514254000e4c6520517561727465726261636b21008b92bc0800ffffff01b28d0400ffe4fff441a390042c00000001ab01015d9f55805d7b77fe04e71700044b4f5250000f446965204b6f72706f726174696f6ef80100f1cc5c08002b213801b2c406000001000641a14c100000000001ab01015d9f24485d5af8a9dc08d3160003514254000e4c6520517561727465726261636b21008b92bc0800ffffff01b2d40300ffcb000f417ac0400000000001ab01015d9f5c885d966f71a22d931800044e455854000b416e74692d53637265656e75007b92f92200ffffff01b2e006000015001d41a420100c00000001ab01015d9e74805d993062e229931800044e455854000b416e74692d53637265656e75007b92f92200ffffff01b2fc0600ffb9ffb341a5e0081c00000001ab01015d9f39605d98a8ca9c30931800044e455854000b416e74692d53637265656e75007b92f92200ffffff01b2e10400ffc4ffac4189d3caa000000001ab01015d9f63905d98ccdbe71e931800044e455854000b416e74692d53637265656e75007b92f92200ffffff01b24700fff0001141a4900c0400000001ab01015d9ee5005d9af20bd915931800044e455854000b416e74692d53637265656e75007b92f92200ffffff01b2df06000013001a41a420000000000001ab01015d9f86b85d98f622872b931800044e455854000b416e74692d53637265656e75007b92f92200ffffff01b2ef0300fff7001d41a598280000000001ab01015d9f2b505d989ab1f928931800044e455854000b416e74692d53637265656e75007b92f92200ffffff01b2e00400ffc3ffbb4189d3da2800000001ab01015d9f47705d98b133c227931800044e455854000b416e74692d53637265656e75007b92f92200ffffff01b2a6060000150012419c10403c00000001ab01045d9f01205d422277f30fd3160003514254000e4c6520517561727465726261636b21008b92bc0800ffffff01b28b0400fff6ffd5419f80201000000001ab01015d9ef3105d85e8c309e71700044b4f5250000f446965204b6f72706f726174696f6ef80100f1cc5c08002b213801b2c20600ffacffc541a0c0020200000001ab01015d9e51585d97887ac534931800044e455854000b416e74692d53637265656e75007b92f92200ffffff01b24600ffe9ffc841a198000000000001ab01015d9f01205d6e3ba700801700044554434700134c27457465726e656c20436f6d7061676e696536000000000a00f8cc7101b22b00ffe8ffc441a308240a00000001ab01015d9e58605d95ca6a9c028602000354654100144465626175636865727920546561205061727479db0100fcf7ef0f0001040501b2d20300ffd400154102c0a80000000001ab01015d9ea5b85d240f3200ab0d0003534146001253616e7320416c6c69616e63652046697865db0100000000160078050a01b2de06000016002041a428001800000001ab01015d9ef3105d51b905f50fd3160003514254000e4c6520517561727465726261636b21008b92bc0800ffffff01b28906000020ffe14192e0000000000001ab01015d9f40685d823f6fa62de71700044b4f5250000f446965204b6f72706f726174696f6ef80100f1cc5c08002b213801b2a5060000160013419c10184400000001ab01015d9f32585d9de41ef406931800044e455854000b416e74692d53637265656e75007b92f92200ffffff01b28a0400ffe9000041a478141600000001ab
error 01015d9f71a05d7eaa5ab0068e1800034e55530005415057414c2c00ffffff22008e0a0a01b2c106000001000541a088000000000001ab01015d9e6d785d968ab2d44b931800044e455854000b416e74692d53637265656e75007b92f92200ffffff01b24500fff2ffc541a298040000000001ab01015d9f78a85c804832c58d02e206000456616c68000856616c68616c6c61e40100eba7191200fefdfa01b22c00ffe3ffd04101d9800000000001ab01015d9f40685d7905a3ef05801700044554434700134c27457465726e656c20436f6d7061676e696536000000000a00f8cc7101b2d10300ffcb0005410350280000000001ab01015d9f94c85d95092800b31800034b55550008506f7562656c6c65a2010001010208008b050201b2dd06000018001e41a428101000000001ab01015d9f71a05d98e101882b931800044e455854000b416e74692d53637265656e75007b92f92200ffffff01b2b60100ffef0001419188080000000001ab01015d9e9eb05d7d523100d70400055465727261000f5365676d656e74756d20536f6c6172d50100e021120c0017040501b2f90600fff7001f41a5a0100000000001ab01015d9f24485d9893a8f828931800044e455854000b416e74692d53637265656e75007b92f92200ffffff01b2de0400ffb0ffb54189d50a5800000001ab01015d9f4e785d98b7239a23931800044e455854000b416e74692d53637265656e75007b92f92200ffffff01b2a4060000160013419c10182800000001ab01015d9f24485d9dd519be0b931800044e455854000b416e74692d53637265656e75007b92f92200ffffff01b2890400ffefffd441a0a0100200000001ab01015d9ee5005d4fcf8ffb7de206000456616c68000856616c68616c6c61e40100eba7191200fefdfa01b2950700ffacfff041a798000400000001ab01015d9f7fb05d98e936832b931800044e455854000b416e74692d53637265656e75007b92f92200ffffff01b24400ffdcffd641a0f0081000000001ab01015d9f5c885d86508fb020e71700044b4f5250000f446965204b6f72706f726174696f6ef80100f1cc5c08002b213801b2d00300ffcb0011417700403000000001ab01015d9f24485d9a2983e4048602000354654100144465626175636865727920546561205061727479db0100fcf7ef0f0001040501b2dc06000018001b41a428100400000001ab01015d9f16385d9dc4dbbd0b931800044e455854000b416e74692d53637265656e75007b92f92200ffffff01b2b501000005fff8419840284c00000001ab01015d9ef3105d5934feb5048602000354654100144465626175636865727920546561205061727479db0100fcf7ef0f0001040501b2ec0300fffd000c41a5b0100200000001ab01015d9f86b85d791d51e23e8e1800034e55530005415057414c2c00ffffff22008e0a0a01b2d10100ffd6ffef4102a8880000000001ab01015d9f08285d9db70e9802e206000456616c68000856616c68616c6c61e40100eba7191200fefdfa01b2dd0400ffb7ffbb418ca0b02000000001ab01015d9f55805d98be42ba25931800044e455854000b416e74692d53637265656e75007b92f92200ffffff01b29801000020ffce40d04c800000000001ab01015d9f94c85d9660b2d038931800044e455854000b416e74692d53637265656e75007b92f92200ffffff01b22e00ffdeffce410229900000000001ab01015d9f5c885d8a3c87009205000352495000135265717569657363616e7420696e20706163653d00dfbd0404003a4d6201b2b401000004fffa419058180400000001ab01015d9f4e785d3f57d900e206000456616c68000856616c68616c6c61e40100eba7191200fefdfa01b2950200fffc00094198d0100c00000001ab01015d9f4e785d8b8d0eab38ab160003475459000747726176697479890100ecedbd09000f1a2301b2dc0400ffc9ffc04189d37a0000000001ab01015d9e7b885d96929f9c31931800044e455854000b416e7469
error 0800ffffff01b2160000010011419500041800000001ab01045d9f86b85d49d66ae91ae206000456616c68000856616c68616c6c61e40100eba7191200fefdfa01b2f30600ffbc001e41a564040400000001ab01015d9f08285d99c90ebf20931800044e455854000b416e74692d53637265656e75007b92f92200ffffff01b2d80400ffacffd84189d5494000000001ab01015d9e6d785d821b94df46e71700044b4f5250000f446965204b6f72706f726174696f6ef80100f1cc5c08002b213801b29e0600001cfff3419b90082400000001ab01045d9f6a985d5adc86cd06d3160003514254000e4c6520517561727465726261636b21008b92bc0800ffffff01b277000019ffdb40c992800000000001ab01015d9f1d405d8b47ab718602000354654100144465626175636865727920546561205061727479db0100fcf7ef0f0001040501b2e80100fffafffd410068180000000001ab01015d9f08285d99c5efa607931800044e455854000b416e74692d53637265656e75007b92f92200ffffff01b2ba0600fffcfffc419ed0080000000001ab01015d9f01205d9db063d20d931800044e455854000b416e74692d53637265656e75007b92f92200ffffff01b23e00ffe3fff74197e0200000000001ab01045d9ef3105d50405ffa01d3160003514254000e4c6520517561727465726261636b21008b92bc0800ffffff01b21700fff90020419428082000000001ab01015d9f8dc05d8909d4008e1800034e55530005415057414c2c00ffffff22008e0a0a01b27600001fffdd40cf91800000000001ab01015d9f86b85d98f131810f931800044e455854000b416e74692d53637265656e75007b92f92200ffffff01b2bc0200fffb001941a7d8000000000001ab01015d9f1d405d848874c94fe71700044b4f5250000f446965204b6f72706f726174696f6ef80100f1cc5c08002b213801b2e70100ffeffffd419200180000000001ab01015d9e66705d82b91306e71700044b4f5250000f446965204b6f72706f726174696f6ef80100f1cc5c08002b213801b23d00fff2002641a540080000000001ab01015d9ebad05c117098b254e206000456616c68000856616c68616c6c61e40100eba7191200fefdfa01b2c90300ffcafffb410368280000000001ab01045d9f9bd05d7556dcde028602000354654100144465626175636865727920546561205061727479db0100fcf7ef0f0001040501b2e5030000050002419500245400000001ab01015d9f39605d8238eea40de71700044b4f5250000f446965204b6f72706f726174696f6ef80100f1cc5c08002b213801b2f10600000cffb341a4f0080000000001ab01015d9e66705d967f93cd4b931800044e455854000b416e74692d53637265656e75007b92f92200ffffff01b275000015ffe640c58d000000000001ab01015d9f78a85d966830880f931800044e455854000b416e74692d53637265656e75007b92f92200ffffff01b2bb0200fffc0018419420100000000001ab01015d9f16385d8494e0cb4fe71700044b4f5250000f446965204b6f72706f726174696f6ef80100f1cc5c08002b213801b2810400ffdeffc7416b00008000000001ab01015d9f63905d98d2f39002931800044e455854000b416e74692d53637265656e75007b92f92200ffffff01b2e60100fff6000d418ec0383000000001ab01015d9e51585d2113aff69b04e206000456616c68000856616c68616c6c61e40100eba7191200fefdfa01b27400001bffd040cb98000000000001ab01015d9e90a05d965a3207931800044e455854000b416e74692d53637265656e75007b92f92200ffffff01b2ba0200fffe001941a7b8000000000001ab01015d9f63905d7e036e915ae71700044b4f5250000f446965204b6f72706f726174696f6ef80100f1cc5c08002b213801b2970200ffe4ffbf41a308140000000001ab01015d9f63905d792d4ae608801700044554434700134c27457465726e656c20436f6d7061676e6965360000
error 2d53637265656e75007b92f92200ffffff01b2870400fffbffca419e10046400000001ab01015d9f94c85d9ba39e9824931800044e455854000b416e74692d53637265656e75007b92f92200ffffff01b2b30100000c00074195005c4000000001ab01015d9f78a85d79271cff158e1800034e55530005415057414c2c00ffffff22008e0a0a01b2ea0300000d0016419500640400000001ab01045da021685d735126923de206000456616c68000856616c68616c6c61e40100eba7191200fefdfa01b2f60600ffdf002741a48c041400000001ab01015d9ea5b85d3f140500d70400055465727261000f5365676d656e74756d20536f6c6172d50100e021120c0017040501b2db0400ffb2ffb94189d4ea3800000001ab01045d9f16385d5b1c3f2fd3160003514254000e4c6520517561727465726261636b21008b92bc0800ffffff01b2860400fff6ffc4419e88200000000001ab01015d9e51585d82a2560ae71700044b4f5250000f446965204b6f72706f726174696f6ef80100f1cc5c08002b213801b2eb0100ffe90001419188380000000001ab01015d9f94c85d6a6845448602000354654100144465626175636865727920546561205061727479db0100fcf7ef0f0001040501b2bd06000008fffc41a0381a1400000001ab01015d9e74805d968b9ec44b931800044e455854000b416e74692d53637265656e75007b92f92200ffffff01b2cd0300ffc9fffc417580a00000000001ab01015d9eddf85d39d1c9da01d3160003514254000e4c6520517561727465726261636b21008b92bc0800ffffff01b2d90600fff4ffed41a340120800000001ab01015d9f47705d9a0191d831ab160003475459000747726176697479890100ecedbd09000f1a2301b2b20100fffcffe8419438240800000001ab01015d9f4e785d83a5cd02e71700044b4f5250000f446965204b6f72706f726174696f6ef80100f1cc5c08002b213801b25d000022000541a2b4040200000001ab01045d9f39605d89e91103e71700044b4f5250000f446965204b6f72706f726174696f6ef80100f1cc5c08002b213801b2da0400ffbcffde4189d4491000000001ab01015d9f6a985d98d324d317931800044e455854000b416e74692d53637265656e75007b92f92200ffffff01b2bf0200ffd8ffef418070684000000001ab01015d9efa185d303d3e9602e206000456616c68000856616c68616c6c61e40100eba7191200fefdfa01b2850400fff2001941a570080000000001ab01015d9ed6f05d9997a9cf28931800044e455854000b416e74692d53637265656e75007b92f92200ffffff01b2ea0100fff5000c419180282c00000001ab01015d9f86b85b7c230592ec02e206000456616c68000856616c68616c6c61e40100eba7191200fefdfa01b2bc06000009000641a020260200000001ab01015d9e6d785d968b429c40931800044e455854000b416e74692d53637265656e75007b92f92200ffffff01b2d806000001000041a330040000000001ab01015d9f32585d5719a8ea09d3160003514254000e4c6520517561727465726261636b21008b92bc0800ffffff01b2d90400ffb4ffd84189d4c94000000001ab01015d9f8dc05d4347a5f8c401e206000456616c68000856616c68616c6c61e40100eba7191200fefdfa01b29f060000150007419c20040400000001ab01045d9f6a985d5a33bafe078602000354654100144465626175636865727920546561205061727479db0100fcf7ef0f0001040501b2e90100fff600024100a0100000000001ab01015d9f71a05c922941a09301e206000456616c68000856616c68616c6c61e40100eba7191200fefdfa01b2bb06000001000141a0040a0400000001ab01015d9e74805d968c50a22d931800044e455854000b416e74692d53637265656e75007b92f92200ffffff01b2d70600fffefffa41a33c080800000001ab01015d9f32585d507b63d206d3160003514254000e4c6520517561727465726261636b21008b92bc
error 00000a00f8cc7101b23b00ffefffc241a2f0100000000001ab01015d9f78a85d3def0d883bd20700044d79746800134c65204d79746865206465204c6f726163616d2800f5ca0a18006e290701b2c70300ffcb0014418e80300000000001ab01015d9e51585d990c22f11b931800044e455854000b416e74692d53637265656e75007b92f92200ffffff01b2ef06000009ffb841a4d00c0000000001ab01015d9eec085d99acf7f91c931800044e455854000b416e74692d53637265656e75007b92f92200ffffff01b273000013ffe040c390000000000001ab01015d9f7fb05d967642ba0c931800044e455854000b416e74692d53637265656e75007b92f92200ffffff01b2ff0300ffe500264101b1300000000001ab01015d9f94c85d9ba2f18601931800044e455854000b416e74692d53637265656e75007b92f92200ffffff01b2980200ffed002241a488340a00000001ab01015d9e97a85d22b15900f5120003416754000b546865206b696e67646f6de80100fcf843020000000001b2b60600fff9fffc419ef0300800000001ab01015d9f08285d9db7b9cf0d931800044e455854000b416e74692d53637265656e75007b92f92200ffffff01b28f01000010ffe641a690060200000001ab01015d9ea5b85d7851230084170003544843000f4465726e69657265204368616e63659c0100000000080000000001b2c60300ffcd0009410330480000000001ab01015d9f78a85d681290d1058602000354654100144465626175636865727920546561205061727479db0100fcf7ef0f0001040501b28c0500ffccffd34189d3496800000001ab01015d9f2b505d98985baf2b931800044e455854000b416e74692d53637265656e75007b92f92200ffffff01b2d206000026ffec41a370080000000001ab01015d9ecfe85d7895ad00801700044554434700134c27457465726e656c20436f6d7061676e696536000000000a00f8cc7101b2ab0100001bffda40cb93000000000001ab01015d9efa185d6ce65607801700044554434700134c27457465726e656c20436f6d7061676e696536000000000a00f8cc7101b2e20300000200044195000c4c00000001ab01015d9ea5b85d6b402bf80c84170003544843000f4465726e69657265204368616e63659c0100000000080000000001b2ee06000007ffba41a4d8000000000001ab01045d9eec085d99a6d6dc4080180003544c48000f546865204c6173742048656176656eb801001962631800e0f5da01b2b506000000fffd419ec0001000000001ab01015d9f0f305d9dc277af09931800044e455854000b416e74692d53637265656e75007b92f92200ffffff01b23900ffec001541a4a0280a00000001ab01015d9e51585d893bc5e826e71700044b4f5250000f446965204b6f72706f726174696f6ef80100f1cc5c08002b213801b2c50300ffc80000410380000000000001ab01045da059a85d84fefe02e71700044b4f5250000f446965204b6f72706f726174696f6ef80100f1cc5c08002b213801b28b0500ffc9ffd74189d3794800000001ab01015d9e51585d966d5dd926931800044e455854000b416e74692d53637265656e75007b92f92200ffffff01b2aa01000001001a419500000c00000001ab01015d9f4e785d879a52a42aab160003475459000747726176697479890100ecedbd09000f1a2301b2e10300000b0009419500543800000001ab01015d9ed6f05d983fc7ec05d20700044d79746800134c65204d79746865206465204c6f726163616d2800f5ca0a18006e290702c06ad2052901080132000002feff03000003f4ff030000042800000514000006500000075a0000085a0000095a00000b2800000c000000165a0000175000001b5a00001f5a0000215a000036280000375a0000383c0000395a00003b5a00003d5a00003e5a000044eeff030000450a0000465a0000475a0000495a00004b5a00004d5a00005d0000005e5a0000673c0000693200006a5a00006b5a00006c5a0000
src 99.80.38.35
dst 192.168.1.14
src port 5555


src 192.168.1.14
dst 99.80.38.35
src port 53051


src 192.168.1.14
dst 99.80.38.35
src port 53051


src 192.168.1.14
dst 99.80.38.35
src port 53051


src 99.80.38.35
dst 192.168.1.14
src port 5555


src 192.168.1.14
dst 99.80.38.35
src port 53051


src 99.80.38.35
dst 192.168.1.14
src port 5555


src 192.168.1.14
dst 99.80.38.35
src port 53051


src 99.80.38.35
dst 192.168.1.14
src port 5555


src 192.168.1.14
dst 99.80.38.35
src port 53051


src 99.80.38.35
dst 192.168.1.14
src port 5555


src 192.168.1.14
dst 99.80.38.35
src port 53051


src 192.168.1.14
dst 99.80.38.35
src port 53051


data 0385000000840841a69c0416000000
{ __type__: 'MapInformationsRequestMessage', mapId: 189661707 }
error 6d500000735a0000745a0000755a0000765a0000775a00007c5a00007d500000850100000090015a000098015a00009a010a0000a101fcff030000a2015a0000a3015a0000a4015a0000a501460000a6015a0000a7015a0000a801eeff030000a9015a0000aa01faff030000ab015a0000af01140000b201f8ff030000b301460000b5015a0000c8015a0000c9015a0000d1015a0000d2015a0000d301f8ff030000d5010a0000df01280000e6015a0000e7015a0000e8015a0000e9015a0000ea01460000eb01fcff030000f301faff030000fd015a0000fe015a000093025a0000940250000095025a000098025a00009c025a0000a902460000ba025a0000bb025a0000bc025a0000bf025a0000c5020a0000ce025a0000d1025a0000d2025a0000d3025a0000c3035a0000c5033c0000c603f2ff030000c703140000c9035a0000cb035a0000cc035a0000cd035a0000cf035a0000d0035a0000d4035a0000d503320000d6035a0000d7035a0000d8035a0000da035a0000df03500000e0031e0000e1035a0000e203500000e5031e0000ea03500000eb03f8ff030000ec035a0000ed03eeff030000ee035a0000ef035a0000840450000085043c000086043c00008704feff03000089045a00008a044600008b045a00008d040a00008e045a0000900414000091045a000099045a00009a04000000d8045a0000d9043c0000da04faff030000db045a0000dc04faff030000dd04000000de041e0000e0045a0000e104320000e2043c0000e3043c0000e7040a0000e904f0ff030000ea04f8ff030000eb040a0000ec04f8ff030000ed04faff030000ee045a0000ef04eeff030000f0040000008b052800008c053c00008d055a0000bc055a0000be055a0000f0053c0000f1055a0000f305280000f405500000880650000089065a00008c065a00008d065a00008f0664000091065a000092065000009306500000940628000095065a000096061e00009706460000980600000099060a00009a065a00009c065a00009e065a00009f065a0000a0065a0000a4065a0000a5065a0000a6065a0000a706460000a8065a0000a9065a0000ab065a0000ad065a0000ae065a0000b0065a0000b106640000b206500000b4063c0000b5065a0000b6065a0000b7065a0000b806320000b906feff030000ba065a0000bb065a0000bc065a0000bd065a0000be065a0000bf065a0000c0065a0000c106640000c2065a0000c3065a0000c4065a0000c5065a0000c6061e0000c7065a0000c8065a0000c9065a0000cc065a0000ce06460000cf065a0000d4065a0000d5065a0000d6065a0000d7065a0000d8065a0000d9065a0000dc06500000dd065a0000de065a0000df065a0000e0065a0000e1065a0000e206500000e3065a0000e4065a0000e5065a0000e6065a0000e7065a0000e806460000e9065a0000eb065a0000ec065a0000ee06500000ef065a0000f0065a0000f1065a0000f2065a0000f3065a0000f406640000f8065a0000f9063c0000fa065a0000fc06460000fd065a000080075a000081075a000082075a000083075a0000860728000087075a0000950728000096075a00009707000000980728000002c0
error 038a03396141a69c0416000000000000040024424e097380680000003c00f301ff04000000040140e0d00240e0d003f8bf010476644300017800010200020004788c11ac02b201000501ebdec0024f4d340375151604ebdec0053d472b0001a0010000000a4a657373792d726f7465009d000800000000010104c8000000424e097380b2000000a0c0d3880000000000003c015605d22600000000000178000000008c0000009f04001c0000ffff00a0c0d3888000000000003c008707d12600000000000178000000008c0000006705001e00030000006804001cd42600000000000178000000000068020018d4260000000000017800000000006704001cd126000000000001780000ffff00a0c0d3884000000000003c01f403d42600000000000178000000008c00000068010016000100000067010016d126000000000001780000ffff000e018e0007d866000000210000000100db2705aa691e010000018e0007d7d900000001000100db0605aa691d0000010000018e0007d86800000001000100db0605aa69230000010000018e0007d7d800000001000100db0605aa691c0000010000018e0007d987000000430000000100db4705aa6926010009018e0007d867000000220000000100db2805aa6920010003018e0007d997000000420000000100db4805aa697b000000018e0007d996000000430000000100db4705aa697a00000000500007d830000000010000000100db0605aa691400018e0007d8cf0000001c0000000100db2105aa697600005b018e0007d80e00000001000100db0605aa696c0000000000018e0007d82d0000001e0000000100db2305aa6903000002018e0007d82c00000001000100db0605aa69000000000001018e0007d91b000000210000000100db2705aa691a000000000e0007d8664b00010007d7d9f00300010007d868cc0300010007d7d85000010007d987ed0100010007d867fd0100010007d997fc0300000007d996ba0100000007d830ad0401000007d8cfc00300000007d80e7100000007d82de70200000007d82c7000000007d91b9d0400000000000001000ccc01d901da01e701e801f401f501820283028f0290029e02000cb303c103c203cf03d003de03df03ec03ed03fb03fc03890464d90b0001d0819c97c10700010002a90b424e09738068000000080002c0
data 0edd10000201f402030003c0d3884000000000
{
  __type__: 'GameMapMovementMessage',
  actorId: -20001,
  forcedDirection: 3,
  keyMovements: [ 500, 515 ]
}
data 0dc5fd0600d653616c7574206c657320616d6973213b6c61206775696c6465207b6775696c642c333838372c4a757374253230666f7225323066756e7d207265637275746520646573206a6f756575727320616374696673206574206d617475726573206c766c2032303020756e697175656d656e74206179616e74206465206c612070617373696f6e2070766d2f707670206574206c27656e747261696465202c626f6e6e6520616d6269616e6365206d70206d6f6920706f757220706c7573206427696e666f726d6174696f6e2021213a4421212121212121215d9e48700008637271793570386d424eec788068000000064d656c6c6f6f0000019b1b9f
{
  __type__: 'ChatServerMessage',
  channel: 6,
  content: 'Salut les amis!;la guilde {guild,3887,Just%20for%20fun} recrute des ' +
    'joueurs actifs et matures lvl 200 uniquement ayant de la passion pvm/pvp ' +
    "et l'entraide ,bonne ambiance mp moi pour plus d'information " +
    '!!:D!!!!!!!!',
  fingerprint: 'crqy5p8m',
  prefix: '',
  senderAccountId: 26942367,
  senderId: 265632678096,
  senderName: 'Melloo',
  timestamp: 1570654320
}
data 0dc59606006d426f6e6a6f75722c206a65206368657263686520756e65206775696c646520505650206176656320646573206a6f7565757273207265737065637475657578206574206d617475726520736920706f737369626c652c206f73736566206465206c27616c6c69616e6365203a295d9e487000083739756c76793168425ea78a8034000000084e6575726f6e616c000002f8fe7e
{
  __type__: 'ChatServerMessage',
  channel: 6,
  content: 'Bonjour, je cherche une guilde PVP avec des joueurs ' +
    "respectueux et mature si possible, ossef de l'alliance " +
    ':)',
  fingerprint: '79ulvy1h',
  prefix: '',
  senderAccountId: 49872510,
  senderId: 526639562960,
  senderName: 'Neuronal',
  timestamp: 1570654320
}
error 0ed90000008e40000310f30110011141a69c04160000000707a64502d29907555853cc5015cdde305baa323210efc9fde6f23d005d3b691348e1e0b5b9afac1bf0e04b55c3e26a
src 99.80.38.35
dst 192.168.1.14
src port 5555


src 192.168.1.14
dst 99.80.38.35
src port 53051


src 192.168.1.14
dst 99.80.38.35
src port 53051


src 99.80.38.35
dst 192.168.1.14
src port 5555


src 192.168.1.14
dst 99.80.38.35
src port 53051


src 99.80.38.35
dst 192.168.1.14
src port 5555


src 192.168.1.14
dst 99.80.38.35
src port 53051


src 99.80.38.35
dst 192.168.1.14
src port 5555


src 192.168.1.14
dst 99.80.38.35
src port 53051


src 99.80.38.35
dst 192.168.1.14
src port 5555


src 192.168.1.14
dst 99.80.38.35
src port 53051


src 99.80.38.35
dst 192.168.1.14
src port 5555


src 192.168.1.14
dst 99.80.38.35
src port 53051


src 99.80.38.35
dst 192.168.1.14
src port 5555


src 192.168.1.14
dst 99.80.38.35
src port 53051


src 192.168.1.14
dst 99.80.38.35
src port 53051


src 99.80.38.35
dst 192.168.1.14
src port 5555


src 192.168.1.14
dst 99.80.38.35
src port 53051


src 192.168.1.14
dst 99.80.38.35
src port 53051


src 99.80.38.35
dst 192.168.1.14
src port 5555


src 192.168.1.14
dst 99.80.38.35
src port 53051


src 99.80.38.35
dst 192.168.1.14
src port 5555


src 192.168.1.14
dst 99.80.38.35
src port 53051


data 0edd14000400f30102011001110001424e09738068000002c0
{
  __type__: 'GameMapMovementMessage',
  actorId: 258015166672,
  forcedDirection: 1,
  keyMovements: [ 243, 258, 272, 273 ]
}
data 0ee000000091
{ __type__: 'GameMapMovementConfirmMessage' }
data 0edd100002015601630005c0d3880000000000
{
  __type__: 'GameMapMovementMessage',
  actorId: -20000,
  forcedDirection: 5,
  keyMovements: [ 342, 355 ]
}
data 02c0
{ __type__: 'BasicNoOperationMessage' }
data 0edd1000020087006c0007c0d3888000000000
{
  __type__: 'GameMapMovementMessage',
  actorId: -20002,
  forcedDirection: 7,
  keyMovements: [ 135, 108 ]
}
data 0dc53205000876656e64206f656f5d9e4885000868393533766d3168425f6be880340000000946726564652d4e6f78000007e692ce
{
  __type__: 'ChatServerMessage',
  channel: 5,
  content: 'vend oeo',
  fingerprint: 'h953vm1h',
  prefix: '',
  senderAccountId: 132551374,
  senderId: 539817541840,
  senderName: 'Frede-Nox',
  timestamp: 1570654341
}
data 0edd100002020301f50003c0d3884000000000
{
  __type__: 'GameMapMovementMessage',
  actorId: -20001,
  forcedDirection: 3,
  keyMovements: [ 515, 501 ]
}
data 0edd100002016301990005c0d3880000000000
{
  __type__: 'GameMapMovementMessage',
  actorId: -20000,
  forcedDirection: 5,
  keyMovements: [ 355, 409 ]
}
error 0ed9000000983e00024111410a41a69c041600000028af7fd8c5562fc78b439569c79ddf03bb7666fe961169e3914221e137078aa271ede8276ca7ea5e7fcd52b6b7861d69
data 0edd1c000801110110010f010e010d010c010b010a0000424e09738068000002c0
{
  __type__: 'GameMapMovementMessage',
  actorId: 258015166672,
  forcedDirection: 0,
  keyMovements: [
    273, 272,
    271, 270,
    269, 268,
    267, 266
  ]
}
data 02c0
{ __type__: 'BasicNoOperationMessage' }
data 0ee00000009b
{ __type__: 'GameMapMovementConfirmMessage' }
data 03712a41a1a02a060000000020363439616534353163613333656335336262636263633333626563663135663402bd0a4276db24b59e50000078
{
  __type__: 'CurrentMapMessage',
  mapId: 147854595,
  mapKey: '649ae451ca33ec53bbcbcc33becf15f4'
}
data 03750000009c0941a69c081600000000
{ __type__: 'ChangeMapMessage', autopilot: false, mapId: 189662219 }
src 99.80.38.35
dst 192.168.1.14
src port 5555


src 192.168.1.14
dst 99.80.38.35
src port 53051


src 192.168.1.14
dst 99.80.38.35
src port 53051


src 99.80.38.35
dst 192.168.1.14
src port 5555


src 192.168.1.14
dst 99.80.38.35
src port 53051


src 99.80.38.35
dst 192.168.1.14
src port 5555


src 192.168.1.14
dst 99.80.38.35
src port 53051


src 99.80.38.35
dst 192.168.1.14
src port 5555


src 192.168.1.14
dst 99.80.38.35
src port 53051


src 99.80.38.35
dst 192.168.1.14
src port 5555


src 192.168.1.14
dst 99.80.38.35
src port 53051


src 99.80.38.35
dst 192.168.1.14
src port 5555


src 192.168.1.14
dst 99.80.38.35
src port 53051


src 99.80.38.35
dst 192.168.1.14
src port 5555


src 192.168.1.14
dst 99.80.38.35
src port 53051


src 192.168.1.14
dst 99.80.38.35
src port 53051


src 99.80.38.35
dst 192.168.1.14
src port 5555


src 192.168.1.14
dst 99.80.38.35
src port 53051


error 64993f000101b2a90100fff3fff941a1a0041000000001ab01015d9ef3105c27eee5f09d01e206000456616c68000856616c68616c6c61e40100eba7191200fefdfa02c0
data 0385000000a20841a1a02a06000000
{ __type__: 'MapInformationsRequestMessage', mapId: 147854595 }
data 6aad03005a5a5d419c03414288e9000000000f000e0000000f0000000f0000000f0000000f0000000f0000000f0000000f0000000f0000000f0000000f0000000f0000000f0000000f0000000f0001000000050003494f4f003c12e7ecd1629e894dbff000000000000064e012c413904ed836d836ba1fe02b000004baffffd8f0904ec413904effffffff00000000406e000000000000ffffffff140000027dac02b0015064d90b0001d0819c97c10700010002a90b424e09738068000000080002c0
{
  __type__: 'MapRewardRateMessage',
  mapRate: 0,
  subAreaRate: 90,
  totalRate: 90
}
error 038a021da90141a1a02a06000000000000040024424e097380680000003c014104ff04000000040140e0d00240e0d003f8bf010476644300017800010200020004788c11ac02b201000501ebdec0024f4d340375151604ebdec0053d472b0001a0010000000a4a657373792d726f7465009d000800000000010104c8000000424e097380b2000000a0c0d3880000000000003c01de039702000000000000000000008c0000002f0500320000ffff00a0c0d3888000000000003c005c038f03000000000000000000008c0000010302002a00050000010303002c8f0300000000000000000000028a02002bdc0300000000000000000000010004002a8e0300000000000000000000002f020029970200000000000000000000028a02002bdc030000000000000000ffff00a0c0d3884000000000003c0195059702000000000000000000008c0000002f05003200030000002f04002f970200000000000000000000002f020029970200000000000000000000010302002a8f030000000000000000ffff0003018e00079bf2000000420000000100db4805aa5423010001018e000792a5000000220000000100db2805aa541e000000018e00079bf8000000420000000100db4805aa5422000001000300079bf2ae030001000792a5b001000000079bf8bf0200000000000001000c820283028f0290029e02ab02ae02bc02c902ca02d702d802000cba03bb03c803c903d603e403e703f403820483048f049004
data 0edd100002005c004e0003c0d3888000000000
{
  __type__: 'GameMapMovementMessage',
  actorId: -20002,
  forcedDirection: 3,
  keyMovements: [ 92, 78 ]
}
error 0dcd5005000aefbfbc2041762034334d5d9e4890000878716c646a373772425f7fba0034000000065a6571726f6f00000509c2e300010009ca3700030046f0052800460ab60100499709d1590100c1b7ae1501
data 0edd10000201de01d00003c0d3880000000000
{
  __type__: 'GameMapMovementMessage',
  actorId: -20000,
  forcedDirection: 3,
  keyMovements: [ 478, 464 ]
}
data 0edd100002019501b00005c0d3884000000000
{
  __type__: 'GameMapMovementMessage',
  actorId: -20001,
  forcedDirection: 5,
  keyMovements: [ 405, 432 ]
}
data 0edd100002014101250004424e09738068000002c0
{
  __type__: 'GameMapMovementMessage',
  actorId: 258015166672,
  forcedDirection: 4,
  keyMovements: [ 321, 293 ]
}
error 0ed9000000af3e00026141612541a1a02a06000000ef3434e7804bf39e766868d9a5a32e218d5df3eaadecbe3ff4e1abf4d3f8cba488952db36c93b117960f2059ff5f3942
src 192.168.1.14
dst 99.80.38.35
src port 53051


src 99.80.38.35
dst 192.168.1.14
src port 5555


src 192.168.1.14
dst 99.80.38.35
src port 53051


src 99.80.38.35
dst 192.168.1.14
src port 5555


src 192.168.1.14
dst 99.80.38.35
src port 53051


src 99.80.38.35
dst 192.168.1.14
src port 5555


src 192.168.1.14
dst 99.80.38.35
src port 53051


src 192.168.1.14
dst 99.80.38.35
src port 53051


src 99.80.38.35
dst 192.168.1.14
src port 5555


src 192.168.1.14
dst 99.80.38.35
src port 53051


src 99.80.38.35
dst 192.168.1.14
src port 5555


src 192.168.1.14
dst 99.80.38.35
src port 53051


src 99.80.38.35
dst 192.168.1.14
src port 5555


data 0ee0000000b2
{ __type__: 'GameMapMovementConfirmMessage' }
data 02c0
{ __type__: 'BasicNoOperationMessage' }
data 03712a41a69c04160000000020363439616534353163613333656335336262636263633333626563663135663402bd0a4276db24bb24f000007802c0
{
  __type__: 'CurrentMapMessage',
  mapId: 189661707,
  mapKey: '649ae451ca33ec53bbcbcc33becf15f4'
}
data 0375000000b30941a1a02e0600000000
{ __type__: 'ChangeMapMessage', autopilot: false, mapId: 147855107 }
data 0385000000b90841a69c0416000000
{ __type__: 'MapInformationsRequestMessage', mapId: 189661707 }
data 0dc54406001c3220736173612031393920636865726368652067726f7570652078705d9e48a0000830306a6877353479425fc31680340000000753682d476f6b75000006fa14ee
{
  __type__: 'ChatServerMessage',
  channel: 6,
  content: '2 sasa 199 cherche groupe xp',
  fingerprint: '00jhw54y',
  prefix: '',
  senderAccountId: 117052654,
  senderId: 545668071632,
  senderName: 'Sh-Goku',
  timestamp: 1570654368
}
error 038a03396141a69c0416000000000000040024424e097380680000003c014206ff04000000040140e0d00240e0d003f8bf010476644300017800010200020004788c11ac02b201000501ebdec0024f4d340375151604ebdec0053d472b0001a0010000000a4a657373792d726f7465009d000800000000010104c8000000424e097380b2000000a0c0d3880000000000003c019905d22600000000000178000000008c0000009f04001c0000ffff00a0c0d3888000000000003c006c07d12600000000000178000000008c0000006705001e00030000006804001cd42600000000000178000000000068020018d4260000000000017800000000006704001cd126000000000001780000ffff00a0c0d3884000000000003c01f503d42600000000000178000000008c00000068010016000100000067010016d126000000000001780000ffff000e018e0007d866000000210000000100db2705aa691e010000018e0007d7d900000001000100db0605aa691d0000010000018e0007d86800000001000100db0605aa69230000010000018e0007d7d800000001000100db0605aa691c0000010000018e0007d987000000430000000100db4705aa6926010009018e0007d867000000220000000100db2805aa6920010003018e0007d997000000420000000100db4805aa697b000000018e0007d996000000430000000100db4705aa697a00000000500007d830000000010000000100db0605aa691400018e0007d8cf0000001c0000000100db2105aa697600005b018e0007d80e00000001000100db0605aa696c0000000000018e0007d82d0000001e0000000100db2305aa6903000002018e0007d82c00000001000100db0605aa69000000000001018e0007d91b000000210000000100db2705aa691a000000000e0007d8664b00010007d7d9f00300010007d868cc0300010007d7d85000010007d987ed0100010007d867fd0100010007d997fc0300000007d996ba0100000007d830ad0401000007d8cfc00300000007d80e7100000007d82de70200000007d82c7000000007d91b9d0400000000000001000ccc01d901da01e701e801f401f501820283028f0290029e02000cb303c103c203cf03d003de03df03ec03ed03fb03fc0389045d419c03414288e9000000000f000e0000000f0000000f0000000f0000000f0000000f0000000f0000000f0000000f0000000f0000000f0000000f0000000f0000000f0000000f0001000000050003494f4f003c12e7ecd1629e894dbff000000000000064e012c413904ed836d836b91fe02b000004baffffd8f0904ec413904effffffff00000000406e000000000000ffffffff140000027dac02b0015064d90b0001d0819c97c10700010002a90b424e09738068000000080002c0
data 0dc56a050040636865726368652070617373657572207265696e652064657320766f6c657572206a652070617965206a27616920706f73207372616d626164206d70206d6f695d9e48a10008306f78693470336a425f80a68034000000094d69696d692d636f64000004438c85
{
  __type__: 'ChatServerMessage',
  channel: 5,
  content: "cherche passeur reine des voleur je paye j'ai pos srambad mp moi",
  fingerprint: '0oxi4p3j',
  prefix: '',
  senderAccountId: 71535749,
  senderId: 541209526480,
  senderName: 'Miimi-cod',
  timestamp: 1570654369
}
data 0dc570050048616368c3a874652063617065206f65696c20617474656e746966206e702c20616c6c6920676c6f75727320696e766f206e7020657420636172617061636520746f726bc3a9206e705d9e48a200086631363162613263424048318068000000075879726f636b7300000799d8a4
{
  __type__: 'ChatServerMessage',
  channel: 5,
  content: 'achète cape oeil attentif np, alli glours invo np et carapace torké np',
  fingerprint: 'f161ba2c',
  prefix: '',
  senderAccountId: 127522980,
  senderId: 139861360848,
  senderName: 'Xyrocks',
  timestamp: 1570654370
}
